.next/dev/types/validator.ts(162,31): error TS2344: Type 'typeof import("C:/Users/HP/Desktop/new 1/home-connect/app/api/admin/agents/[id]/route")' does not satisfy the constraint 'RouteHandlerConfig<"/api/admin/agents/[id]">'.
  Types of property 'DELETE' are incompatible.
    Type '(request: Request, { params }: { params: { id: string; }; }) => Promise<NextResponse<{ message: string; }>>' is not assignable to type '(request: NextRequest, context: { params: Promise<{ id: string; }>; }) => void | Response | Promise<void | Response>'.
      Types of parameters '__1' and 'context' are incompatible.
        Type '{ params: Promise<{ id: string; }>; }' is not assignable to type '{ params: { id: string; }; }'.
          Types of property 'params' are incompatible.
            Property 'id' is missing in type 'Promise<{ id: string; }>' but required in type '{ id: string; }'.
app/api/imagekit/auth/route.ts(50,9): error TS2322: Type 'string | undefined' is not assignable to type 'string'.
  Type 'undefined' is not assignable to type 'string'.
app/api/imagekit/auth/route.ts(51,9): error TS2322: Type 'string | undefined' is not assignable to type 'string'.
  Type 'undefined' is not assignable to type 'string'.
app/api/imagekit/auth/route.ts(52,9): error TS2322: Type 'string | undefined' is not assignable to type 'string'.
  Type 'undefined' is not assignable to type 'string'.
lib/session.ts(44,24): error TS18049: 'sessionData.user' is possibly 'null' or 'undefined'.
